// Jest Snapshot v1, https://goo.gl/fbAQLP

exports[`test in SearchPage debe mostrar batman y con el input del valor del query string 1`] = `
<div>
  ,
  <h1>
    SearchPage
  </h1>
  <hr />
  <div
    class="row"
  >
    <div
      class="col-5"
    >
      <h4>
        Searching
      </h4>
      <hr />
      <form>
        <input
          autocomplete="off"
          class="form-control"
          name="searchText"
          placeholder="Search Hero"
          type="text"
          value=""
        />
        <button
          class="btn btn-success mt-1"
        >
          Search
        </button>
      </form>
    </div>
    <div
      class="col-7"
    >
      <h4>
        Result
      </h4>
      <hr />
      <div
        class="alert alert-primary"
      >
        Search a Hero!
      </div>
      <div
        class="alert alert-danger"
        style="display: none;"
      >
        <p>
          No hero Result 
          <b>
             
          </b>
        </p>
      </div>
    </div>
  </div>
</div>
`;

exports[`test in SearchPage debe mostrarse correctamente con los valores por defecto 1`] = `
<div>
  ,
  <h1>
    SearchPage
  </h1>
  <hr />
  <div
    class="row"
  >
    <div
      class="col-5"
    >
      <h4>
        Searching
      </h4>
      <hr />
      <form>
        <input
          autocomplete="off"
          class="form-control"
          name="searchText"
          placeholder="Search Hero"
          type="text"
          value=""
        />
        <button
          class="btn btn-success mt-1"
        >
          Search
        </button>
      </form>
    </div>
    <div
      class="col-7"
    >
      <h4>
        Result
      </h4>
      <hr />
      <div
        class="alert alert-primary"
      >
        Search a Hero!
      </div>
      <div
        class="alert alert-danger"
        style="display: none;"
      >
        <p>
          No hero Result 
          <b>
             
          </b>
        </p>
      </div>
    </div>
  </div>
</div>
`;
